Archive member included because of file (symbol)

c:/program files (x86)/emblocks/2.30/share/em_armgcc/bin/../lib/gcc/arm-none-eabi/4.7.3/../../../../arm-none-eabi/lib/armv7e-m/fpu\libc_n.a(lib_a-exit.o)
                              c:/program files (x86)/emblocks/2.30/share/em_armgcc/bin/../lib/gcc/arm-none-eabi/4.7.3/../../../../arm-none-eabi/lib/armv7e-m/fpu/crt0.o (exit)
c:/program files (x86)/emblocks/2.30/share/em_armgcc/bin/../lib/gcc/arm-none-eabi/4.7.3/../../../../arm-none-eabi/lib/armv7e-m/fpu\libc_n.a(lib_a-impure.o)
                              c:/program files (x86)/emblocks/2.30/share/em_armgcc/bin/../lib/gcc/arm-none-eabi/4.7.3/../../../../arm-none-eabi/lib/armv7e-m/fpu\libc_n.a(lib_a-exit.o) (_global_impure_ptr)
c:/program files (x86)/emblocks/2.30/share/em_armgcc/bin/../lib/gcc/arm-none-eabi/4.7.3/../../../../arm-none-eabi/lib/armv7e-m/fpu\libc_n.a(lib_a-init.o)
                              c:/program files (x86)/emblocks/2.30/share/em_armgcc/bin/../lib/gcc/arm-none-eabi/4.7.3/../../../../arm-none-eabi/lib/armv7e-m/fpu/crt0.o (__libc_init_array)
c:/program files (x86)/emblocks/2.30/share/em_armgcc/bin/../lib/gcc/arm-none-eabi/4.7.3/../../../../arm-none-eabi/lib/armv7e-m/fpu\libc_n.a(lib_a-memset.o)
                              c:/program files (x86)/emblocks/2.30/share/em_armgcc/bin/../lib/gcc/arm-none-eabi/4.7.3/../../../../arm-none-eabi/lib/armv7e-m/fpu/crt0.o (memset)
c:/program files (x86)/emblocks/2.30/share/em_armgcc/bin/../lib/gcc/arm-none-eabi/4.7.3/../../../../arm-none-eabi/lib/armv7e-m/fpu\libc_n.a(lib_a-sscanf.o)
                              obj\debug\src\communication.o (sscanf)
c:/program files (x86)/emblocks/2.30/share/em_armgcc/bin/../lib/gcc/arm-none-eabi/4.7.3/../../../../arm-none-eabi/lib/armv7e-m/fpu\libc_n.a(lib_a-stdio.o)
                              c:/program files (x86)/emblocks/2.30/share/em_armgcc/bin/../lib/gcc/arm-none-eabi/4.7.3/../../../../arm-none-eabi/lib/armv7e-m/fpu\libc_n.a(lib_a-sscanf.o) (__seofread)
c:/program files (x86)/emblocks/2.30/share/em_armgcc/bin/../lib/gcc/arm-none-eabi/4.7.3/../../../../arm-none-eabi/lib/armv7e-m/fpu\libc_n.a(lib_a-strcpy.o)
                              obj\debug\src\communication.o (strcpy)
c:/program files (x86)/emblocks/2.30/share/em_armgcc/bin/../lib/gcc/arm-none-eabi/4.7.3/../../../../arm-none-eabi/lib/armv7e-m/fpu\libc_n.a(lib_a-strlen.o)
                              obj\debug\src\communication.o (strlen)
c:/program files (x86)/emblocks/2.30/share/em_armgcc/bin/../lib/gcc/arm-none-eabi/4.7.3/../../../../arm-none-eabi/lib/armv7e-m/fpu\libc_n.a(lib_a-strncpy.o)
                              obj\debug\src\communication.o (strncpy)
c:/program files (x86)/emblocks/2.30/share/em_armgcc/bin/../lib/gcc/arm-none-eabi/4.7.3/../../../../arm-none-eabi/lib/armv7e-m/fpu\libc_n.a(lib_a-strstr.o)
                              obj\debug\src\communication.o (strstr)
c:/program files (x86)/emblocks/2.30/share/em_armgcc/bin/../lib/gcc/arm-none-eabi/4.7.3/../../../../arm-none-eabi/lib/armv7e-m/fpu\libc_n.a(lib_a-svfscanf.o)
                              c:/program files (x86)/emblocks/2.30/share/em_armgcc/bin/../lib/gcc/arm-none-eabi/4.7.3/../../../../arm-none-eabi/lib/armv7e-m/fpu\libc_n.a(lib_a-sscanf.o) (__ssvfscanf_r)
c:/program files (x86)/emblocks/2.30/share/em_armgcc/bin/../lib/gcc/arm-none-eabi/4.7.3/../../../../arm-none-eabi/lib/armv7e-m/fpu\libc_n.a(lib_a-ungetc.o)
                              c:/program files (x86)/emblocks/2.30/share/em_armgcc/bin/../lib/gcc/arm-none-eabi/4.7.3/../../../../arm-none-eabi/lib/armv7e-m/fpu\libc_n.a(lib_a-svfscanf.o) (__submore)
c:/program files (x86)/emblocks/2.30/share/em_armgcc/bin/../lib/gcc/arm-none-eabi/4.7.3/../../../../arm-none-eabi/lib/armv7e-m/fpu\libc_n.a(lib_a-vfscanf_i.o)
                              c:/program files (x86)/emblocks/2.30/share/em_armgcc/bin/../lib/gcc/arm-none-eabi/4.7.3/../../../../arm-none-eabi/lib/armv7e-m/fpu\libc_n.a(lib_a-svfscanf.o) (_scanf_chars)
c:/program files (x86)/emblocks/2.30/share/em_armgcc/bin/../lib/gcc/arm-none-eabi/4.7.3/../../../../arm-none-eabi/lib/armv7e-m/fpu\libc_n.a(lib_a-writer.o)
                              c:/program files (x86)/emblocks/2.30/share/em_armgcc/bin/../lib/gcc/arm-none-eabi/4.7.3/../../../../arm-none-eabi/lib/armv7e-m/fpu\libc_n.a(lib_a-stdio.o) (_write_r)
c:/program files (x86)/emblocks/2.30/share/em_armgcc/bin/../lib/gcc/arm-none-eabi/4.7.3/../../../../arm-none-eabi/lib/armv7e-m/fpu\libc_n.a(lib_a-closer.o)
                              c:/program files (x86)/emblocks/2.30/share/em_armgcc/bin/../lib/gcc/arm-none-eabi/4.7.3/../../../../arm-none-eabi/lib/armv7e-m/fpu\libc_n.a(lib_a-stdio.o) (_close_r)
c:/program files (x86)/emblocks/2.30/share/em_armgcc/bin/../lib/gcc/arm-none-eabi/4.7.3/../../../../arm-none-eabi/lib/armv7e-m/fpu\libc_n.a(lib_a-ctype_.o)
[...]
Memory Configuration

Name             Origin             Length             Attributes
ROM              0x08000000         0x00080000         xr
RAM              0x20000000         0x00018000         xrw
*default*        0x00000000         0xffffffff

Linker script and memory map

LOAD c:/program files (x86)/emblocks/2.30/share/em_armgcc/bin/../lib/gcc/arm-none-eabi/4.7.3/armv7e-m/fpu/crti.o
LOAD c:/program files (x86)/emblocks/2.30/share/em_armgcc/bin/../lib/gcc/arm-none-eabi/4.7.3/armv7e-m/fpu/crtbegin.o
LOAD c:/program files (x86)/emblocks/2.30/share/em_armgcc/bin/../lib/gcc/arm-none-eabi/4.7.3/../../../../arm-none-eabi/lib/armv7e-m/fpu/crt0.o
                0x00000000                __HEAP_SIZE = 0x0
                0x00000100                __STACK_SIZE = 0x100

.text           0x08000000     0x2670
 *(.isr_vector)
 .isr_vector    0x08000000      0x188 obj\debug\src\startup_stm32f4xx.o
                0x08000000                __isr_vector
 *(.text*)
 .text          0x08000188       0x54 c:/program files (x86)/emblocks/2.30/share/em_armgcc/bin/../lib/gcc/arm-none-eabi/4.7.3/armv7e-m/fpu/crtbegin.o
 .text          0x080001dc       0x74 c:/program files (x86)/emblocks/2.30/share/em_armgcc/bin/../lib/gcc/arm-none-eabi/4.7.3/../../../../arm-none-eabi/lib/armv7e-m/fpu/crt0.o
                0x080001dc                _start
                0x080001dc                _mainCRTStartup
 .text.GPIO_Init
                0x08000250      0x144 obj\debug\spl\src\stm32f4xx_gpio.o
                0x08000250                GPIO_Init
 .text.GPIO_StructInit
                0x08000394       0x3c obj\debug\spl\src\stm32f4xx_gpio.o
                0x08000394                GPIO_StructInit
 .text.GPIO_SetBits
                0x080003d0       0x1c obj\debug\spl\src\stm32f4xx_gpio.o
                0x080003d0                GPIO_SetBits
 .text.GPIO_ResetBits
                0x080003ec       0x1c obj\debug\spl\src\stm32f4xx_gpio.o
                0x080003ec                GPIO_ResetBits
 .text.GPIO_PinAFConfig
                0x08000408       0xa8 obj\debug\spl\src\stm32f4xx_gpio.o
                0x08000408                GPIO_PinAFConfig
 .text.RCC_GetClocksFreq
                0x080004b0      0x1cc obj\debug\spl\src\stm32f4xx_rcc.o
                0x080004b0                RCC_GetClocksFreq
 .text.RCC_AHB1PeriphClockCmd
                0x0800067c       0x54 obj\debug\spl\src\stm32f4xx_rcc.o
                0x0800067c                RCC_AHB1PeriphClockCmd
 .text.RCC_APB2PeriphClockCmd
                0x080006d0       0x54 obj\debug\spl\src\stm32f4xx_rcc.o
                0x080006d0                RCC_APB2PeriphClockCmd
 .text.USART_Init
                0x08000724      0x1ac obj\debug\spl\src\stm32f4xx_usart.o
                0x08000724                USART_Init
 .text.USART_StructInit
                0x080008d0       0x44 obj\debug\spl\src\stm32f4xx_usart.o
                0x080008d0                USART_StructInit
 .text.USART_Cmd
                0x08000914       0x40 obj\debug\spl\src\stm32f4xx_usart.o
                0x08000914                USART_Cmd
 .text.USART_SendData
                0x08000954       0x28 obj\debug\spl\src\stm32f4xx_usart.o
                0x08000954                USART_SendData
 .text.USART_ReceiveData
                0x0800097c       0x24 obj\debug\spl\src\stm32f4xx_usart.o
                0x0800097c                USART_ReceiveData
 .text.USART_ITConfig
                0x080009a0       0xa4 obj\debug\spl\src\stm32f4xx_usart.o
                0x080009a0                USART_ITConfig
 .text.USART_GetFlagStatus
                0x08000a44       0x40 obj\debug\spl\src\stm32f4xx_usart.o
                0x08000a44                USART_GetFlagStatus
 .text.USART_GetITStatus
                0x08000a84       0xc4 obj\debug\spl\src\stm32f4xx_usart.o
                0x08000a84                USART_GetITStatus
 .text.USART_ClearITPendingBit
                0x08000b48       0x44 obj\debug\spl\src\stm32f4xx_usart.o
                0x08000b48                USART_ClearITPendingBit
 .text.NVIC_EnableIRQ
                0x08000b8c       0x38 obj\debug\src\communication.o
 .text.USART_Config
                0x08000bc4       0xe0 obj\debug\src\communication.o
                0x08000bc4                USART_Config
 .text.USART_SendChar
                0x08000ca4       0x24 obj\debug\src\communication.o
                0x08000ca4                USART_SendChar
 .text.USART_SendString
                0x08000cc8       0x58 obj\debug\src\communication.o
                0x08000cc8                USART_SendString
 .text.processReceivedData
                0x08000d20      0x130 obj\debug\src\communication.o
                0x08000d20                processReceivedData
 .text.proceedSocketData
                0x08000e50      0x220 obj\debug\src\communication.o
                0x08000e50                proceedSocketData
 .text.USART1_IRQHandler
                0x08001070       0x6c obj\debug\src\communication.o
                0x08001070                USART1_IRQHandler
 .text.Delay    0x080010dc       0x34 obj\debug\src\hd44780.o
                0x080010dc                Delay
 .text.GPIO_Config
                0x08001110       0x48 obj\debug\src\hd44780.o
                0x08001110                GPIO_Config
 .text.WriteHalfByte
                0x08001158       0xd0 obj\debug\src\hd44780.o
                0x08001158                WriteHalfByte
 .text.LCD_SendByte
                0x08001228       0x30 obj\debug\src\hd44780.o
                0x08001228                LCD_SendByte
 .text.LCD_Clear
                0x08001258       0x10 obj\debug\src\hd44780.o
                0x08001258                LCD_Clear
 .text.LCD_Config
                0x08001268       0x68 obj\debug\src\hd44780.o
                0x08001268                LCD_Config
 .text.main     0x080012d0       0x68 obj\debug\src\main.o
                0x080012d0                main
 .text          0x08001338      0x108 obj\debug\src\startup_stm32f4xx.o
                0x08001338                Reset_Handler
                0x0800137e                NMI_Handler
                0x08001380                HardFault_Handler
                0x08001382                MemManage_Handler
                0x08001384                BusFault_Handler
                0x08001386                UsageFault_Handler
                0x08001388                SVC_Handler
                0x0800138a                DebugMon_Handler
                0x0800138c                PendSV_Handler
                0x0800138e                SysTick_Handler
                0x08001390                Default_Handler
                0x08001392                WWDG_IRQHandler
                0x08001394                PVD_IRQHandler
                0x08001396                TAMP_STAMP_IRQHandler
                0x08001398                RTC_WKUP_IRQHandler
                0x0800139a                FLASH_IRQHandler
                0x0800139c                RCC_IRQHandler
                0x0800139e                EXTI0_IRQHandler
                0x080013a0                EXTI1_IRQHandler
                0x080013a2                EXTI2_IRQHandler
                0x080013a4                EXTI3_IRQHandler
                0x080013a6                EXTI4_IRQHandler
                0x080013a8                DMA1_Stream0_IRQHandler
                0x080013aa                DMA1_Stream1_IRQHandler
                0x080013ac                DMA1_Stream2_IRQHandler
                0x080013ae                DMA1_Stream3_IRQHandler
                0x080013b0                DMA1_Stream4_IRQHandler
                0x080013b2                DMA1_Stream5_IRQHandler
                0x080013b4                DMA1_Stream6_IRQHandler
                0x080013b6                ADC_IRQHandler
                0x080013b8                CAN1_TX_IRQHandler
                0x080013ba                CAN1_RX0_IRQHandler
                0x080013bc                CAN1_RX1_IRQHandler
                0x080013be                CAN1_SCE_IRQHandler
                0x080013c0                EXTI9_5_IRQHandler
                0x080013c2                TIM1_BRK_TIM9_IRQHandler
                0x080013c4                TIM1_UP_TIM10_IRQHandler
                0x080013c6                TIM1_TRG_COM_TIM11_IRQHandler
                0x080013c8                TIM1_CC_IRQHandler
                0x080013ca                TIM2_IRQHandler
                0x080013cc                TIM3_IRQHandler
                0x080013ce                TIM4_IRQHandler
                0x080013d0                I2C1_EV_IRQHandler
                0x080013d2                I2C1_ER_IRQHandler
                0x080013d4                I2C2_EV_IRQHandler
                0x080013d6                I2C2_ER_IRQHandler
                0x080013d8                SPI1_IRQHandler
                0x080013da                SPI2_IRQHandler
                0x080013de                USART2_IRQHandler
                0x080013e0                USART3_IRQHandler
                0x080013e2                EXTI15_10_IRQHandler
                0x080013e4                RTC_Alarm_IRQHandler
                0x080013e6                OTG_FS_WKUP_IRQHandler
                0x080013e8                TIM8_BRK_TIM12_IRQHandler
                0x080013ea                TIM8_UP_TIM13_IRQHandler
                0x080013ec                TIM8_TRG_COM_TIM14_IRQHandler
                0x080013ee                TIM8_CC_IRQHandler
                0x080013f0                DMA1_Stream7_IRQHandler
                0x080013f2                FSMC_IRQHandler
                0x080013f4                SDIO_IRQHandler
                0x080013f6                TIM5_IRQHandler
                0x080013f8                SPI3_IRQHandler
                0x080013fa                UART4_IRQHandler
                0x080013fc                UART5_IRQHandler
                0x080013fe                TIM6_DAC_IRQHandler
                0x08001400                TIM7_IRQHandler
                0x08001402                DMA2_Stream0_IRQHandler
                0x08001404                DMA2_Stream1_IRQHandler
                0x08001406                DMA2_Stream2_IRQHandler
                0x08001408                DMA2_Stream3_IRQHandler
                0x0800140a                DMA2_Stream4_IRQHandler
                0x0800140c                ETH_IRQHandler
                0x0800140e                ETH_WKUP_IRQHandler
                0x08001410                CAN2_TX_IRQHandler
                0x08001412                CAN2_RX0_IRQHandler
                0x08001414                CAN2_RX1_IRQHandler
                0x08001416                CAN2_SCE_IRQHandler
                0x08001418                OTG_FS_IRQHandler
                0x0800141a                DMA2_Stream5_IRQHandler
                0x0800141c                DMA2_Stream6_IRQHandler
                0x0800141e                DMA2_Stream7_IRQHandler
                0x08001420                USART6_IRQHandler
                0x08001422                I2C3_EV_IRQHandler
                0x08001424                I2C3_ER_IRQHandler
                0x08001426                OTG_HS_EP1_OUT_IRQHandler
                0x08001428                OTG_HS_EP1_IN_IRQHandler
                0x0800142a                OTG_HS_WKUP_IRQHandler
                0x0800142c                OTG_HS_IRQHandler
                0x0800142e                DCMI_IRQHandler
                0x08001430                CRYP_IRQHandler
                0x08001432                HASH_RNG_IRQHandler
                0x08001434                FPU_IRQHandler
 .text.SystemInit
                0x08001440       0xb0 obj\debug\src\system_stm32f4xx.o
                0x08001440                SystemInit
 .text.SetSysClock
                0x080014f0      0x180 obj\debug\src\system_stm32f4xx.o
 .text.exit     0x08001670       0x28 c:/program files (x86)/emblocks/2.30/share/em_armgcc/bin/../lib/gcc/arm-none-eabi/4.7.3/../../../../arm-none-eabi/lib/armv7e-m/fpu\libc_n.a(lib_a-exit.o)
                0x08001670                exit
 .text.__libc_init_array
                0x08001698       0x4c c:/program files (x86)/emblocks/2.30/share/em_armgcc/bin/../lib/gcc/arm-none-eabi/4.7.3/../../../../arm-none-eabi/lib/armv7e-m/fpu\libc_n.a(lib_a-init.o)
                0x08001698                __libc_init_array
 .text.memset   0x080016e4       0x10 c:/program files (x86)/emblocks/2.30/share/em_armgcc/bin/../lib/gcc/arm-none-eabi/4.7.3/../../../../arm-none-eabi/lib/armv7e-m/fpu\libc_n.a(lib_a-memset.o)
                0x080016e4                memset
 .text.sscanf   0x080016f4       0x54 c:/program files (x86)/emblocks/2.30/share/em_armgcc/bin/../lib/gcc/arm-none-eabi/4.7.3/../../../../arm-none-eabi/lib/armv7e-m/fpu\libc_n.a(lib_a-sscanf.o)
                0x080016f4                siscanf
                0x080016f4                sscanf
 .text.__seofread
                0x08001748        0x4 c:/program files (x86)/emblocks/2.30/share/em_armgcc/bin/../lib/gcc/arm-none-eabi/4.7.3/../../../../arm-none-eabi/lib/armv7e-m/fpu\libc_n.a(lib_a-stdio.o)
                0x08001748                __seofread
 .text.strlen   0x0800174c       0x10 c:/program files (x86)/emblocks/2.30/share/em_armgcc/bin/../lib/gcc/arm-none-eabi/4.7.3/../../../../arm-none-eabi/lib/armv7e-m/fpu\libc_n.a(lib_a-strlen.o)
                0x0800174c                strlen
 .text.strstr   0x0800175c       0x30 c:/program files (x86)/emblocks/2.30/share/em_armgcc/bin/../lib/gcc/arm-none-eabi/4.7.3/../../../../arm-none-eabi/lib/armv7e-m/fpu\libc_n.a(lib_a-strstr.o)
                0x0800175c                strstr
 .text._sungetc_r
                0x0800178c       0x7a c:/program files (x86)/emblocks/2.30/share/em_armgcc/bin/../lib/gcc/arm-none-eabi/4.7.3/../../../../arm-none-eabi/lib/armv7e-m/fpu\libc_n.a(lib_a-svfscanf.o)
                0x0800178c                _sungetc_r
 .text.__ssrefill_r
                0x08001806       0x3a c:/program files (x86)/emblocks/2.30/share/em_armgcc/bin/../lib/gcc/arm-none-eabi/4.7.3/../../../../arm-none-eabi/lib/armv7e-m/fpu\libc_n.a(lib_a-svfscanf.o)
                0x08001806                __ssrefill_r
 .text.__ssvfscanf_r
                0x08001840      0x2d8 c:/program files (x86)/emblocks/2.30/share/em_armgcc/bin/../lib/gcc/arm-none-eabi/4.7.3/../../../../arm-none-eabi/lib/armv7e-m/fpu\libc_n.a(lib_a-svfscanf.o)
                0x08001840                __ssvfiscanf_r
                0x08001840                __ssvfscanf_r
 .text.__submore
                0x08001b18       0x72 c:/program files (x86)/emblocks/2.30/share/em_armgcc/bin/../lib/gcc/arm-none-eabi/4.7.3/../../../../arm-none-eabi/lib/armv7e-m/fpu\libc_n.a(lib_a-ungetc.o)
                0x08001b18                __submore
 *fill*         0x08001b8a        0x2 
 .text._scanf_chars
                0x08001b8c       0xd0 c:/program files (x86)/emblocks/2.30/share/em_armgcc/bin/../lib/gcc/arm-none-eabi/4.7.3/../../../../arm-none-eabi/lib/armv7e-m/fpu\libc_n.a(lib_a-vfscanf_i.o)
                0x08001b8c                _scanf_chars
 .text._scanf_i
                0x08001c5c      0x1e8 c:/program files (x86)/emblocks/2.30/share/em_armgcc/bin/../lib/gcc/arm-none-eabi/4.7.3/../../../../arm-none-eabi/lib/armv7e-m/fpu\libc_n.a(lib_a-vfscanf_i.o)
                0x08001c5c                _scanf_i
 .text.memchr   0x08001e44       0x1c c:/program files (x86)/emblocks/2.30/share/em_armgcc/bin/../lib/gcc/arm-none-eabi/4.7.3/../../../../arm-none-eabi/lib/armv7e-m/fpu\libc_n.a(lib_a-memchr-stub.o)
                0x08001e44                memchr
 .text.memcpy   0x08001e60       0x12 c:/program files (x86)/emblocks/2.30/share/em_armgcc/bin/../lib/gcc/arm-none-eabi/4.7.3/../../../../arm-none-eabi/lib/armv7e-m/fpu\libc_n.a(lib_a-memcpy-stub.o)
                0x08001e60                memcpy
 *fill*         0x08001e72        0x2 
 .text._free_r  0x08001e74       0x84 c:/program files (x86)/emblocks/2.30/share/em_armgcc/bin/../lib/gcc/arm-none-eabi/4.7.3/../../../../arm-none-eabi/lib/armv7e-m/fpu\libc_n.a(lib_a-nano-freer.o)
                0x08001e74                _free_r
 .text._malloc_r
                0x08001ef8       0xb4 c:/program files (x86)/emblocks/2.30/share/em_armgcc/bin/../lib/gcc/arm-none-eabi/4.7.3/../../../../arm-none-eabi/lib/armv7e-m/fpu\libc_n.a(lib_a-nano-mallocr.o)
                0x08001ef8                _malloc_r
 .text._realloc_r
                0x08001fac       0x48 c:/program files (x86)/emblocks/2.30/share/em_armgcc/bin/../lib/gcc/arm-none-eabi/4.7.3/../../../../arm-none-eabi/lib/armv7e-m/fpu\libc_n.a(lib_a-nano-reallocr.o)
                0x08001fac                _realloc_r
 .text._sbrk_r  0x08001ff4       0x20 c:/program files (x86)/emblocks/2.30/share/em_armgcc/bin/../lib/gcc/arm-none-eabi/4.7.3/../../../../arm-none-eabi/lib/armv7e-m/fpu\libc_n.a(lib_a-sbrkr.o)
                0x08001ff4                _sbrk_r
 .text.__sccl   0x08002014       0x60 c:/program files (x86)/emblocks/2.30/share/em_armgcc/bin/../lib/gcc/arm-none-eabi/4.7.3/../../../../arm-none-eabi/lib/armv7e-m/fpu\libc_n.a(lib_a-sccl.o)
                0x08002014                __sccl
 .text._strtol_r
                0x08002074      0x110 c:/program files (x86)/emblocks/2.30/share/em_armgcc/bin/../lib/gcc/arm-none-eabi/4.7.3/../../../../arm-none-eabi/lib/armv7e-m/fpu\libc_n.a(lib_a-strtol.o)
                0x08002074                _strtol_r
 .text._strtoul_r
                0x08002184      0x100 c:/program files (x86)/emblocks/2.30/share/em_armgcc/bin/../lib/gcc/arm-none-eabi/4.7.3/../../../../arm-none-eabi/lib/armv7e-m/fpu\libc_n.a(lib_a-strtoul.o)
                0x08002184                _strtoul_r
 .text._malloc_usable_size_r
                0x08002284       0x12 c:/program files (x86)/emblocks/2.30/share/em_armgcc/bin/../lib/gcc/arm-none-eabi/4.7.3/../../../../arm-none-eabi/lib/armv7e-m/fpu\libc_n.a(lib_a-nano-msizer.o)
                0x08002284                _malloc_usable_size_r
 *fill*         0x08002296        0x2 
 .text._sbrk    0x08002298       0x34 c:/program files (x86)/emblocks/2.30/share/em_armgcc/bin/../lib/gcc/arm-none-eabi/4.7.3/../../../../arm-none-eabi/lib/armv7e-m/fpu\libnosys.a(sbrk.o)
                0x08002298                _sbrk
 .text._exit    0x080022cc        0x4 c:/program files (x86)/emblocks/2.30/share/em_armgcc/bin/../lib/gcc/arm-none-eabi/4.7.3/../../../../arm-none-eabi/lib/armv7e-m/fpu\libnosys.a(_exit.o)
                0x080022cc                _exit
 *(.init)
 .init          0x080022d0        0x4 c:/program files (x86)/emblocks/2.30/share/em_armgcc/bin/../lib/gcc/arm-none-eabi/4.7.3/armv7e-m/fpu/crti.o
                0x080022d0                _init
 .init          0x080022d4        0x8 c:/program files (x86)/emblocks/2.30/share/em_armgcc/bin/../lib/gcc/arm-none-eabi/4.7.3/armv7e-m/fpu/crtn.o
 *(.fini)
 .fini          0x080022dc        0x4 c:/program files (x86)/emblocks/2.30/share/em_armgcc/bin/../lib/gcc/arm-none-eabi/4.7.3/armv7e-m/fpu/crti.o
                0x080022dc                _fini
 .fini          0x080022e0        0x8 c:/program files (x86)/emblocks/2.30/share/em_armgcc/bin/../lib/gcc/arm-none-eabi/4.7.3/armv7e-m/fpu/crtn.o
 *crtbegin.o(.ctors)
 *crtbegin?.o(.ctors)
 *(EXCLUDE_FILE(*crtend.o *crtend?.o) .ctors)
 *(SORT(.ctors.*))
 *(.ctors)
 *crtbegin.o(.dtors)
 *crtbegin?.o(.dtors)
 *(EXCLUDE_FILE(*crtend.o *crtend?.o) .dtors)
 *(SORT(.dtors.*))
 *(.dtors)
 *(.rodata*)
 .rodata        0x080022e8      0x1d8 obj\debug\src\communication.o
 .rodata        0x080024c0        0xc obj\debug\src\hd44780.o
 .rodata        0x080024cc        0xc obj\debug\src\main.o
 .rodata.str1.1
                0x080024d8        0x2 c:/program files (x86)/emblocks/2.30/share/em_armgcc/bin/../lib/gcc/arm-none-eabi/4.7.3/../../../../arm-none-eabi/lib/armv7e-m/fpu\libc_n.a(lib_a-impure.o)
 *fill*         0x080024da        0x2 
 .rodata._global_impure_ptr
                0x080024dc        0x4 c:/program files (x86)/emblocks/2.30/share/em_armgcc/bin/../lib/gcc/arm-none-eabi/4.7.3/../../../../arm-none-eabi/lib/armv7e-m/fpu\libc_n.a(lib_a-impure.o)
                0x080024dc                _global_impure_ptr
 .rodata.str1.1
                0x080024e0        0x4 c:/program files (x86)/emblocks/2.30/share/em_armgcc/bin/../lib/gcc/arm-none-eabi/4.7.3/../../../../arm-none-eabi/lib/armv7e-m/fpu\libc_n.a(lib_a-svfscanf.o)
 .rodata        0x080024e4        0xc c:/program files (x86)/emblocks/2.30/share/em_armgcc/bin/../lib/gcc/arm-none-eabi/4.7.3/../../../../arm-none-eabi/lib/armv7e-m/fpu\libc_n.a(lib_a-vfscanf_i.o)
 .rodata.str1.1
                0x080024f0       0x1b c:/program files (x86)/emblocks/2.30/share/em_armgcc/bin/../lib/gcc/arm-none-eabi/4.7.3/../../../../arm-none-eabi/lib/armv7e-m/fpu\libc_n.a(lib_a-vfscanf_i.o)
 .rodata._ctype_
                0x0800250b      0x101 c:/program files (x86)/emblocks/2.30/share/em_armgcc/bin/../lib/gcc/arm-none-eabi/4.7.3/../../../../arm-none-eabi/lib/armv7e-m/fpu\libc_n.a(lib_a-ctype_.o)
                0x0800250b                _ctype_
 .rodata.__sf_fake_stdin
                0x0800260c       0x20 c:/program files (x86)/emblocks/2.30/share/em_armgcc/bin/../lib/gcc/arm-none-eabi/4.7.3/../../../../arm-none-eabi/lib/armv7e-m/fpu\libc_n.a(lib_a-findfp.o)
                0x0800260c                __sf_fake_stdin
 .rodata.__sf_fake_stdout
                0x0800262c       0x20 c:/program files (x86)/emblocks/2.30/share/em_armgcc/bin/../lib/gcc/arm-none-eabi/4.7.3/../../../../arm-none-eabi/lib/armv7e-m/fpu\libc_n.a(lib_a-findfp.o)
                0x0800262c                __sf_fake_stdout
 .rodata.__sf_fake_stderr
                0x0800264c       0x20 c:/program files (x86)/emblocks/2.30/share/em_armgcc/bin/../lib/gcc/arm-none-eabi/4.7.3/../../../../arm-none-eabi/lib/armv7e-m/fpu\libc_n.a(lib_a-findfp.o)
                0x0800264c                __sf_fake_stderr
 *(.eh_frame*)
 .eh_frame      0x0800266c        0x0 c:/program files (x86)/emblocks/2.30/share/em_armgcc/bin/../lib/gcc/arm-none-eabi/4.7.3/armv7e-m/fpu/crtbegin.o
 .eh_frame      0x0800266c        0x4 c:/program files (x86)/emblocks/2.30/share/em_armgcc/bin/../lib/gcc/arm-none-eabi/4.7.3/armv7e-m/fpu/crtend.o

.glue_7         0x08002670        0x0
 .glue_7        0x00000000        0x0 linker stubs

.glue_7t        0x08002670        0x0
 .glue_7t       0x00000000        0x0 linker stubs

.vfp11_veneer   0x08002670        0x0
 .vfp11_veneer  0x00000000        0x0 linker stubs

.v4_bx          0x08002670        0x0
 .v4_bx         0x00000000        0x0 linker stubs

.iplt           0x08002670        0x0
 .iplt          0x00000000        0x0 c:/program files (x86)/emblocks/2.30/share/em_armgcc/bin/../lib/gcc/arm-none-eabi/4.7.3/armv7e-m/fpu/crtbegin.o

.ARM.extab
 *(.ARM.extab* .gnu.linkonce.armextab.*)
                0x08002670                __exidx_start = .

.ARM.exidx      0x08002670        0x8
 *(.ARM.exidx* .gnu.linkonce.armexidx.*)
 .ARM.exidx     0x08002670        0x8 c:/program files (x86)/emblocks/2.30/share/em_armgcc/bin/../lib/gcc/arm-none-eabi/4.7.3/../../../../arm-none-eabi/lib/armv7e-m/fpu/crt0.o
                0x08002678                __exidx_end = .
                0x08002678                __etext = .

.rel.dyn        0x08002678        0x0
 .rel.iplt      0x00000000        0x0 c:/program files (x86)/emblocks/2.30/share/em_armgcc/bin/../lib/gcc/arm-none-eabi/4.7.3/armv7e-m/fpu/crtbegin.o

.data           0x20000000       0x80 load address 0x08002678
                0x20000000                __data_start__ = .
 *(vtable)
 *(.data*)
 .data.APBAHBPrescTable
                0x20000000       0x10 obj\debug\spl\src\stm32f4xx_rcc.o
 .data.impure_data
                0x20000010       0x60 c:/program files (x86)/emblocks/2.30/share/em_armgcc/bin/../lib/gcc/arm-none-eabi/4.7.3/../../../../arm-none-eabi/lib/armv7e-m/fpu\libc_n.a(lib_a-impure.o)
 .data._impure_ptr
                0x20000070        0x4 c:/program files (x86)/emblocks/2.30/share/em_armgcc/bin/../lib/gcc/arm-none-eabi/4.7.3/../../../../arm-none-eabi/lib/armv7e-m/fpu\libc_n.a(lib_a-impure.o)
                0x20000070                _impure_ptr
 .data.__ctype_ptr__
                0x20000074        0x4 c:/program files (x86)/emblocks/2.30/share/em_armgcc/bin/../lib/gcc/arm-none-eabi/4.7.3/../../../../arm-none-eabi/lib/armv7e-m/fpu\libc_n.a(lib_a-ctype_.o)
                0x20000074                __ctype_ptr__
                0x20000078                . = ALIGN (0x4)
                0x20000078                PROVIDE (__preinit_array_start, .)
 *(.preinit_array)
                0x20000078                PROVIDE (__preinit_array_end, .)
                0x20000078                . = ALIGN (0x4)
                0x20000078                PROVIDE (__init_array_start, .)
 *(SORT(.init_array.*))
 *(.init_array)
 .init_array    0x20000078        0x4 c:/program files (x86)/emblocks/2.30/share/em_armgcc/bin/../lib/gcc/arm-none-eabi/4.7.3/armv7e-m/fpu/crtbegin.o
                0x2000007c                PROVIDE (__init_array_end, .)
                0x2000007c                . = ALIGN (0x4)
                0x2000007c                PROVIDE (__fini_array_start, .)
 *(SORT(.fini_array.*))
 *(.fini_array)
 .fini_array    0x2000007c        0x4 c:/program files (x86)/emblocks/2.30/share/em_armgcc/bin/../lib/gcc/arm-none-eabi/4.7.3/armv7e-m/fpu/crtbegin.o
                0x20000080                PROVIDE (__fini_array_end, .)
                0x20000080                . = ALIGN (0x4)
                0x20000080                __data_end__ = .

.jcr            0x20000080        0x0 load address 0x080026f8
 .jcr           0x20000080        0x0 c:/program files (x86)/emblocks/2.30/share/em_armgcc/bin/../lib/gcc/arm-none-eabi/4.7.3/armv7e-m/fpu/crtbegin.o

.igot.plt       0x20000080        0x0 load address 0x080026f8
 .igot.plt      0x00000000        0x0 c:/program files (x86)/emblocks/2.30/share/em_armgcc/bin/../lib/gcc/arm-none-eabi/4.7.3/armv7e-m/fpu/crtbegin.o

.bss            0x20000080      0x228 load address 0x080026f8
                0x20000080                __bss_start__ = .
 *(.bss*)
 .bss           0x20000080       0x1c c:/program files (x86)/emblocks/2.30/share/em_armgcc/bin/../lib/gcc/arm-none-eabi/4.7.3/armv7e-m/fpu/crtbegin.o
 .bss.command_complete
                0x2000009c        0x1 obj\debug\src\communication.o
                0x2000009c                command_complete
 .bss.usart_buffer_position
                0x2000009d        0x1 obj\debug\src\communication.o
                0x2000009d                usart_buffer_position
 .bss.is_running
                0x2000009e        0x1 obj\debug\src\communication.o
                0x2000009e                is_running
 *fill*         0x2000009f        0x1 
 .bss.__malloc_sbrk_start
                0x200000a0        0x4 c:/program files (x86)/emblocks/2.30/share/em_armgcc/bin/../lib/gcc/arm-none-eabi/4.7.3/../../../../arm-none-eabi/lib/armv7e-m/fpu\libc_n.a(lib_a-nano-mallocr.o)
                0x200000a0                __malloc_sbrk_start
 .bss.__malloc_free_list
                0x200000a4        0x4 c:/program files (x86)/emblocks/2.30/share/em_armgcc/bin/../lib/gcc/arm-none-eabi/4.7.3/../../../../arm-none-eabi/lib/armv7e-m/fpu\libc_n.a(lib_a-nano-mallocr.o)
                0x200000a4                __malloc_free_list
 .bss.heap_end.4240
                0x200000a8        0x4 c:/program files (x86)/emblocks/2.30/share/em_armgcc/bin/../lib/gcc/arm-none-eabi/4.7.3/../../../../arm-none-eabi/lib/armv7e-m/fpu\libnosys.a(sbrk.o)
 *(COMMON)
 COMMON         0x200000ac      0x1f5 obj\debug\src\communication.o
                0x200000ac                usart_buffer
                0x200002a0                current_result
 *fill*         0x200002a1        0x3 
 COMMON         0x200002a4        0x4 c:/program files (x86)/emblocks/2.30/share/em_armgcc/bin/../lib/gcc/arm-none-eabi/4.7.3/../../../../arm-none-eabi/lib/armv7e-m/fpu\libc_n.a(lib_a-reent.o)
                0x200002a4                errno
                0x200002a8                __bss_end__ = .

.heap           0x200002a8        0x0
                0x200002a8                __end__ = .
                0x200002a8                end = __end__
 *(.heap*)
 .heap          0x200002a8        0x0 obj\debug\src\startup_stm32f4xx.o
                0x200002a8                __HeapLimit = .

.stack_dummy    0x200002a8      0x100
 *(.stack)
 .stack         0x200002a8      0x100 obj\debug\src\startup_stm32f4xx.o
                0x20018000                __StackTop = (ORIGIN (RAM) + 0x18000)
                0x20017f00                __StackLimit = (__StackTop - SIZEOF (.stack_dummy))
                0x20018000                PROVIDE (__stack, __StackTop)
                0x00000001                ASSERT ((__StackLimit >= __HeapLimit), region RAM overflowed with stack)
LOAD obj\debug\spl\src\misc.o
LOAD obj\debug\spl\src\stm32f4xx_adc.o
LOAD obj\debug\spl\src\stm32f4xx_can.o
LOAD obj\debug\spl\src\stm32f4xx_crc.o
LOAD obj\debug\spl\src\stm32f4xx_cryp.o
LOAD obj\debug\spl\src\stm32f4xx_cryp_aes.o
LOAD obj\debug\spl\src\stm32f4xx_cryp_des.o
LOAD obj\debug\spl\src\stm32f4xx_cryp_tdes.o
LOAD obj\debug\spl\src\stm32f4xx_dac.o
LOAD obj\debug\spl\src\stm32f4xx_dbgmcu.o
LOAD obj\debug\spl\src\stm32f4xx_dcmi.o
LOAD obj\debug\spl\src\stm32f4xx_dma.o
LOAD obj\debug\spl\src\stm32f4xx_exti.o
LOAD obj\debug\spl\src\stm32f4xx_flash.o
LOAD obj\debug\spl\src\stm32f4xx_fsmc.o
LOAD obj\debug\spl\src\stm32f4xx_gpio.o
LOAD obj\debug\spl\src\stm32f4xx_hash.o
LOAD obj\debug\spl\src\stm32f4xx_hash_md5.o
LOAD obj\debug\spl\src\stm32f4xx_hash_sha1.o
LOAD obj\debug\spl\src\stm32f4xx_i2c.o
LOAD obj\debug\spl\src\stm32f4xx_iwdg.o
LOAD obj\debug\spl\src\stm32f4xx_pwr.o
LOAD obj\debug\spl\src\stm32f4xx_rcc.o
LOAD obj\debug\spl\src\stm32f4xx_rng.o
LOAD obj\debug\spl\src\stm32f4xx_rtc.o
LOAD obj\debug\spl\src\stm32f4xx_sdio.o
LOAD obj\debug\spl\src\stm32f4xx_spi.o
LOAD obj\debug\spl\src\stm32f4xx_syscfg.o
LOAD obj\debug\spl\src\stm32f4xx_tim.o
LOAD obj\debug\spl\src\stm32f4xx_usart.o
LOAD obj\debug\spl\src\stm32f4xx_wwdg.o
LOAD obj\debug\src\communication.o
LOAD obj\debug\src\hd44780.o
LOAD obj\debug\src\main.o
LOAD obj\debug\src\startup_stm32f4xx.o
LOAD obj\debug\src\system_stm32f4xx.o
START GROUP
LOAD c:/program files (x86)/emblocks/2.30/share/em_armgcc/bin/../lib/gcc/arm-none-eabi/4.7.3/armv7e-m/fpu\libgcc.a
LOAD c:/program files (x86)/emblocks/2.30/share/em_armgcc/bin/../lib/gcc/arm-none-eabi/4.7.3/../../../../arm-none-eabi/lib/armv7e-m/fpu\libc_n.a
LOAD c:/program files (x86)/emblocks/2.30/share/em_armgcc/bin/../lib/gcc/arm-none-eabi/4.7.3/../../../../arm-none-eabi/lib/armv7e-m/fpu\libg_n.a
LOAD c:/program files (x86)/emblocks/2.30/share/em_armgcc/bin/../lib/gcc/arm-none-eabi/4.7.3/../../../../arm-none-eabi/lib/armv7e-m/fpu\libnosys.a
END GROUP
LOAD c:/program files (x86)/emblocks/2.30/share/em_armgcc/bin/../lib/gcc/arm-none-eabi/4.7.3/armv7e-m/fpu/crtend.o
LOAD c:/program files (x86)/emblocks/2.30/share/em_armgcc/bin/../lib/gcc/arm-none-eabi/4.7.3/armv7e-m/fpu/crtn.o
OUTPUT(bin\Debug\display_from_scratch.elf elf32-littlearm)

.ARM.attributes
                0x00000000       0x30
 .ARM.attributes
                0x00000000       0x22 c:/program files (x86)/emblocks/2.30/share/em_armgcc/bin/../lib/gcc/arm-none-eabi/4.7.3/armv7e-m/fpu/crti.o
 .ARM.attributes
                0x00000022       0x34 c:/program files (x86)/emblocks/2.30/share/em_armgcc/bin/../lib/gcc/arm-none-eabi/4.7.3/armv7e-m/fpu/crtbegin.o
 .ARM.attributes
                0x00000056       0x20 c:/program files (x86)/emblocks/2.30/share/em_armgcc/bin/../lib/gcc/arm-none-eabi/4.7.3/../../../../arm-none-eabi/lib/armv7e-m/fpu/crt0.o
 .ARM.attributes
                0x00000076       0x39 obj\debug\spl\src\stm32f4xx_gpio.o
 .ARM.attributes
                0x000000af       0x39 obj\debug\spl\src\stm32f4xx_rcc.o
 .ARM.attributes
                0x000000e8       0x39 obj\debug\spl\src\stm32f4xx_usart.o
 .ARM.attributes
                0x00000121       0x39 obj\debug\src\communication.o
 .ARM.attributes
                0x0000015a       0x39 obj\debug\src\hd44780.o
 .ARM.attributes
                0x00000193       0x39 obj\debug\src\main.o
 .ARM.attributes
                0x000001cc       0x1f obj\debug\src\startup_stm32f4xx.o
 .ARM.attributes
                0x000001eb       0x39 obj\debug\src\system_stm32f4xx.o
 .ARM.attributes
                0x00000224       0x34 c:/program files (x86)/emblocks/2.30/share/em_armgcc/bin/../lib/gcc/arm-none-eabi/4.7.3/../../../../arm-none-eabi/lib/armv7e-m/fpu\libc_n.a(lib_a-exit.o)
 .ARM.attributes
                0x00000258       0x34 c:/program files (x86)/emblocks/2.30/share/em_armgcc/bin/../lib/gcc/arm-none-eabi/4.7.3/../../../../arm-none-eabi/lib/armv7e-m/fpu\libc_n.a(lib_a-impure.o)
 .ARM.attributes
                0x0000028c       0x34 c:/program files (x86)/emblocks/2.30/share/em_armgcc/bin/../lib/gcc/arm-none-eabi/4.7.3/../../../../arm-none-eabi/lib/armv7e-m/fpu\libc_n.a(lib_a-init.o)
 .ARM.attributes
                0x000002c0       0x34 c:/program files (x86)/emblocks/2.30/share/em_armgcc/bin/../lib/gcc/arm-none-eabi/4.7.3/../../../../arm-none-eabi/lib/armv7e-m/fpu\libc_n.a(lib_a-memset.o)
 .ARM.attributes
                0x000002f4       0x34 c:/program files (x86)/emblocks/2.30/share/em_armgcc/bin/../lib/gcc/arm-none-eabi/4.7.3/../../../../arm-none-eabi/lib/armv7e-m/fpu\libc_n.a(lib_a-sscanf.o)
 .ARM.attributes
                0x00000328       0x34 c:/program files (x86)/emblocks/2.30/share/em_armgcc/bin/../lib/gcc/arm-none-eabi/4.7.3/../../../../arm-none-eabi/lib/armv7e-m/fpu\libc_n.a(lib_a-stdio.o)
 .ARM.attributes
                0x0000035c       0x34 c:/program files (x86)/emblocks/2.30/share/em_armgcc/bin/../lib/gcc/arm-none-eabi/4.7.3/../../../../arm-none-eabi/lib/armv7e-m/fpu\libc_n.a(lib_a-strlen.o)
 .ARM.attributes
                0x00000390       0x34 c:/program files (x86)/emblocks/2.30/share/em_armgcc/bin/../lib/gcc/arm-none-eabi/4.7.3/../../../../arm-none-eabi/lib/armv7e-m/fpu\libc_n.a(lib_a-strstr.o)
 .ARM.attributes
                0x000003c4       0x34 c:/program files (x86)/emblocks/2.30/share/em_armgcc/bin/../lib/gcc/arm-none-eabi/4.7.3/../../../../arm-none-eabi/lib/armv7e-m/fpu\libc_n.a(lib_a-svfscanf.o)
 .ARM.attributes
                0x000003f8       0x34 c:/program files (x86)/emblocks/2.30/share/em_armgcc/bin/../lib/gcc/arm-none-eabi/4.7.3/../../../../arm-none-eabi/lib/armv7e-m/fpu\libc_n.a(lib_a-ungetc.o)
 .ARM.attributes
                0x0000042c       0x34 c:/program files (x86)/emblocks/2.30/share/em_armgcc/bin/../lib/gcc/arm-none-eabi/4.7.3/../../../../arm-none-eabi/lib/armv7e-m/fpu\libc_n.a(lib_a-vfscanf_i.o)
 .ARM.attributes
                0x00000460       0x34 c:/program files (x86)/emblocks/2.30/share/em_armgcc/bin/../lib/gcc/arm-none-eabi/4.7.3/../../../../arm-none-eabi/lib/armv7e-m/fpu\libc_n.a(lib_a-ctype_.o)
 .ARM.attributes
                0x00000494       0x34 c:/program files (x86)/emblocks/2.30/share/em_armgcc/bin/../lib/gcc/arm-none-eabi/4.7.3/../../../../arm-none-eabi/lib/armv7e-m/fpu\libc_n.a(lib_a-findfp.o)
 .ARM.attributes
                0x000004c8       0x34 c:/program files (x86)/emblocks/2.30/share/em_armgcc/bin/../lib/gcc/arm-none-eabi/4.7.3/../../../../arm-none-eabi/lib/armv7e-m/fpu\libc_n.a(lib_a-memchr-stub.o)
 .ARM.attributes
                0x000004fc       0x34 c:/program files (x86)/emblocks/2.30/share/em_armgcc/bin/../lib/gcc/arm-none-eabi/4.7.3/../../../../arm-none-eabi/lib/armv7e-m/fpu\libc_n.a(lib_a-memcpy-stub.o)
 .ARM.attributes
                0x00000530       0x34 c:/program files (x86)/emblocks/2.30/share/em_armgcc/bin/../lib/gcc/arm-none-eabi/4.7.3/../../../../arm-none-eabi/lib/armv7e-m/fpu\libc_n.a(lib_a-nano-freer.o)
 .ARM.attributes
                0x00000564       0x34 c:/program files (x86)/emblocks/2.30/share/em_armgcc/bin/../lib/gcc/arm-none-eabi/4.7.3/../../../../arm-none-eabi/lib/armv7e-m/fpu\libc_n.a(lib_a-nano-mallocr.o)
 .ARM.attributes
                0x00000598       0x34 c:/program files (x86)/emblocks/2.30/share/em_armgcc/bin/../lib/gcc/arm-none-eabi/4.7.3/../../../../arm-none-eabi/lib/armv7e-m/fpu\libc_n.a(lib_a-nano-reallocr.o)
 .ARM.attributes
                0x000005cc       0x34 c:/program files (x86)/emblocks/2.30/share/em_armgcc/bin/../lib/gcc/arm-none-eabi/4.7.3/../../../../arm-none-eabi/lib/armv7e-m/fpu\libc_n.a(lib_a-reent.o)
 .ARM.attributes
                0x00000600       0x34 c:/program files (x86)/emblocks/2.30/share/em_armgcc/bin/../lib/gcc/arm-none-eabi/4.7.3/../../../../arm-none-eabi/lib/armv7e-m/fpu\libc_n.a(lib_a-sbrkr.o)
 .ARM.attributes
                0x00000634       0x34 c:/program files (x86)/emblocks/2.30/share/em_armgcc/bin/../lib/gcc/arm-none-eabi/4.7.3/../../../../arm-none-eabi/lib/armv7e-m/fpu\libc_n.a(lib_a-sccl.o)
 .ARM.attributes
                0x00000668       0x34 c:/program files (x86)/emblocks/2.30/share/em_armgcc/bin/../lib/gcc/arm-none-eabi/4.7.3/../../../../arm-none-eabi/lib/armv7e-m/fpu\libc_n.a(lib_a-strtol.o)
 .ARM.attributes
                0x0000069c       0x34 c:/program files (x86)/emblocks/2.30/share/em_armgcc/bin/../lib/gcc/arm-none-eabi/4.7.3/../../../../arm-none-eabi/lib/armv7e-m/fpu\libc_n.a(lib_a-strtoul.o)
 .ARM.attributes
                0x000006d0       0x34 c:/program files (x86)/emblocks/2.30/share/em_armgcc/bin/../lib/gcc/arm-none-eabi/4.7.3/../../../../arm-none-eabi/lib/armv7e-m/fpu\libc_n.a(lib_a-nano-msizer.o)
 .ARM.attributes
                0x00000704       0x34 c:/program files (x86)/emblocks/2.30/share/em_armgcc/bin/../lib/gcc/arm-none-eabi/4.7.3/../../../../arm-none-eabi/lib/armv7e-m/fpu\libnosys.a(sbrk.o)
 .ARM.attributes
                0x00000738       0x34 c:/program files (x86)/emblocks/2.30/share/em_armgcc/bin/../lib/gcc/arm-none-eabi/4.7.3/../../../../arm-none-eabi/lib/armv7e-m/fpu\libnosys.a(_exit.o)
 .ARM.attributes
                0x0000076c       0x34 c:/program files (x86)/emblocks/2.30/share/em_armgcc/bin/../lib/gcc/arm-none-eabi/4.7.3/armv7e-m/fpu/crtend.o
 .ARM.attributes
                0x000007a0       0x22 c:/program files (x86)/emblocks/2.30/share/em_armgcc/bin/../lib/gcc/arm-none-eabi/4.7.3/armv7e-m/fpu/crtn.o

.comment        0x00000000       0x38
 .comment       0x00000000       0x38 obj\debug\spl\src\stm32f4xx_gpio.o
                                 0x39 (size before relaxing)
 .comment       0x00000000       0x39 obj\debug\spl\src\stm32f4xx_rcc.o
 .comment       0x00000000       0x39 obj\debug\spl\src\stm32f4xx_usart.o
 .comment       0x00000000       0x39 obj\debug\src\communication.o
 .comment       0x00000000       0x39 obj\debug\src\hd44780.o
 .comment       0x00000000       0x39 obj\debug\src\main.o
 .comment       0x00000000       0x39 obj\debug\src\system_stm32f4xx.o

.debug_info     0x00000000     0x3922
 .debug_info    0x00000000      0x674 obj\debug\spl\src\stm32f4xx_gpio.o
 .debug_info    0x00000674      0xd7d obj\debug\spl\src\stm32f4xx_rcc.o
 .debug_info    0x000013f1      0xa99 obj\debug\spl\src\stm32f4xx_usart.o
 .debug_info    0x00001e8a      0xe04 obj\debug\src\communication.o
 .debug_info    0x00002c8e      0x47e obj\debug\src\hd44780.o
 .debug_info    0x0000310c      0x18e obj\debug\src\main.o
 .debug_info    0x0000329a       0x5f obj\debug\src\startup_stm32f4xx.o
 .debug_info    0x000032f9      0x629 obj\debug\src\system_stm32f4xx.o

.debug_abbrev   0x00000000      0xb8d
 .debug_abbrev  0x00000000      0x1aa obj\debug\spl\src\stm32f4xx_gpio.o
 .debug_abbrev  0x000001aa      0x1ea obj\debug\spl\src\stm32f4xx_rcc.o
 .debug_abbrev  0x00000394      0x15c obj\debug\spl\src\stm32f4xx_usart.o
 .debug_abbrev  0x000004f0      0x2c4 obj\debug\src\communication.o
 .debug_abbrev  0x000007b4      0x189 obj\debug\src\hd44780.o
 .debug_abbrev  0x0000093d       0xff obj\debug\src\main.o
 .debug_abbrev  0x00000a3c       0x14 obj\debug\src\startup_stm32f4xx.o
 .debug_abbrev  0x00000a50      0x13d obj\debug\src\system_stm32f4xx.o

.debug_loc      0x00000000     0x186a
 .debug_loc     0x00000000      0x310 obj\debug\spl\src\stm32f4xx_gpio.o
 .debug_loc     0x00000310      0x97c obj\debug\spl\src\stm32f4xx_rcc.o
 .debug_loc     0x00000c8c      0x658 obj\debug\spl\src\stm32f4xx_usart.o
 .debug_loc     0x000012e4      0x2a4 obj\debug\src\communication.o
 .debug_loc     0x00001588      0x20c obj\debug\src\hd44780.o
 .debug_loc     0x00001794       0x3a obj\debug\src\main.o
 .debug_loc     0x000017ce       0x9c obj\debug\src\system_stm32f4xx.o

.debug_aranges  0x00000000      0x450
 .debug_aranges
                0x00000000       0x88 obj\debug\spl\src\stm32f4xx_gpio.o
 .debug_aranges
                0x00000088      0x178 obj\debug\spl\src\stm32f4xx_rcc.o
 .debug_aranges
                0x00000200      0x100 obj\debug\spl\src\stm32f4xx_usart.o
 .debug_aranges
                0x00000300       0x78 obj\debug\src\communication.o
 .debug_aranges
                0x00000378       0x68 obj\debug\src\hd44780.o
 .debug_aranges
                0x000003e0       0x20 obj\debug\src\main.o
 .debug_aranges
                0x00000400       0x20 obj\debug\src\startup_stm32f4xx.o
 .debug_aranges
                0x00000420       0x30 obj\debug\src\system_stm32f4xx.o

.debug_ranges   0x00000000      0x408
 .debug_ranges  0x00000000       0x78 obj\debug\spl\src\stm32f4xx_gpio.o
 .debug_ranges  0x00000078      0x168 obj\debug\spl\src\stm32f4xx_rcc.o
 .debug_ranges  0x000001e0       0xf0 obj\debug\spl\src\stm32f4xx_usart.o
 .debug_ranges  0x000002d0       0xb0 obj\debug\src\communication.o
 .debug_ranges  0x00000380       0x58 obj\debug\src\hd44780.o
 .debug_ranges  0x000003d8       0x10 obj\debug\src\main.o
 .debug_ranges  0x000003e8       0x20 obj\debug\src\system_stm32f4xx.o

.debug_macro    0x00000000     0x2500
 .debug_macro   0x00000000      0x19f obj\debug\spl\src\stm32f4xx_gpio.o
 .debug_macro   0x0000019f      0x25f obj\debug\spl\src\stm32f4xx_gpio.o
 .debug_macro   0x000003fe      0x247 obj\debug\spl\src\stm32f4xx_rcc.o
 .debug_macro   0x00000645      0x532 obj\debug\spl\src\stm32f4xx_rcc.o
 .debug_macro   0x00000b77      0x1b7 obj\debug\spl\src\stm32f4xx_usart.o
 .debug_macro   0x00000d2e      0x21a obj\debug\spl\src\stm32f4xx_usart.o
 .debug_macro   0x00000f48      0x2df obj\debug\src\communication.o
 .debug_macro   0x00001227       0x58 obj\debug\src\communication.o
 .debug_macro   0x0000127f       0x35 obj\debug\src\communication.o
 .debug_macro   0x000012b4       0xa3 obj\debug\src\communication.o
 .debug_macro   0x00001357      0x173 obj\debug\src\communication.o
 .debug_macro   0x000014ca       0x4a obj\debug\src\communication.o
 .debug_macro   0x00001514       0x52 obj\debug\src\communication.o
 .debug_macro   0x00001566       0x16 obj\debug\src\communication.o
 .debug_macro   0x0000157c       0x43 obj\debug\src\communication.o
 .debug_macro   0x000015bf      0x180 obj\debug\src\communication.o
 .debug_macro   0x0000173f      0x283 obj\debug\src\communication.o
 .debug_macro   0x000019c2       0x10 obj\debug\src\communication.o
 .debug_macro   0x000019d2       0x35 obj\debug\src\communication.o
 .debug_macro   0x00001a07       0x1f obj\debug\src\communication.o
 .debug_macro   0x00001a26       0x22 obj\debug\src\communication.o
 .debug_macro   0x00001a48       0x5e obj\debug\src\communication.o
 .debug_macro   0x00001aa6      0x20f obj\debug\src\communication.o
 .debug_macro   0x00001cb5       0x16 obj\debug\src\communication.o
 .debug_macro   0x00001ccb       0x16 obj\debug\src\communication.o
 .debug_macro   0x00001ce1       0x29 obj\debug\src\communication.o
 .debug_macro   0x00001d0a       0x1c obj\debug\src\communication.o
 .debug_macro   0x00001d26       0x10 obj\debug\src\communication.o
 .debug_macro   0x00001d36       0x10 obj\debug\src\communication.o
 .debug_macro   0x00001d46       0x22 obj\debug\src\communication.o
 .debug_macro   0x00001d68       0xbd obj\debug\src\communication.o
 .debug_macro   0x00001e25       0x16 obj\debug\src\communication.o
 .debug_macro   0x00001e3b      0x16c obj\debug\src\communication.o
 .debug_macro   0x00001fa7       0x3a obj\debug\src\communication.o
 .debug_macro   0x00001fe1      0x1b1 obj\debug\src\hd44780.o
 .debug_macro   0x00002192      0x1b6 obj\debug\src\main.o
 .debug_macro   0x00002348      0x1b8 obj\debug\src\system_stm32f4xx.o

.debug_line     0x00000000     0x3003
 .debug_line    0x00000000      0x62c obj\debug\spl\src\stm32f4xx_gpio.o
 .debug_line    0x0000062c      0x889 obj\debug\spl\src\stm32f4xx_rcc.o
 .debug_line    0x00000eb5      0x77d obj\debug\spl\src\stm32f4xx_usart.o
 .debug_line    0x00001632      0x897 obj\debug\src\communication.o
 .debug_line    0x00001ec9      0x5e9 obj\debug\src\hd44780.o
 .debug_line    0x000024b2      0x52b obj\debug\src\main.o
 .debug_line    0x000029dd       0xcc obj\debug\src\startup_stm32f4xx.o
 .debug_line    0x00002aa9      0x55a obj\debug\src\system_stm32f4xx.o

.debug_str      0x00000000    0x5ae8e
 .debug_str     0x00000000    0x561c4 obj\debug\spl\src\stm32f4xx_gpio.o
                              0x56361 (size before relaxing)
 .debug_str     0x000561c4      0xb10 obj\debug\spl\src\stm32f4xx_rcc.o
                              0x56be2 (size before relaxing)
 .debug_str     0x00056cd4      0x52a obj\debug\spl\src\stm32f4xx_usart.o
                              0x56671 (size before relaxing)
 .debug_str     0x000571fe     0x3a9a obj\debug\src\communication.o
                              0x59e14 (size before relaxing)
 .debug_str     0x0005ac98       0xb1 obj\debug\src\hd44780.o
                              0x5665e (size before relaxing)
 .debug_str     0x0005ad49       0x25 obj\debug\src\main.o
                              0x562fc (size before relaxing)
 .debug_str     0x0005ad6e      0x120 obj\debug\src\system_stm32f4xx.o
                              0x562a1 (size before relaxing)

.debug_frame    0x00000000     0x1390
 .debug_frame   0x00000000      0x19c obj\debug\spl\src\stm32f4xx_gpio.o
 .debug_frame   0x0000019c      0x4d8 obj\debug\spl\src\stm32f4xx_rcc.o
 .debug_frame   0x00000674      0x344 obj\debug\spl\src\stm32f4xx_usart.o
 .debug_frame   0x000009b8      0x188 obj\debug\src\communication.o
 .debug_frame   0x00000b40      0x140 obj\debug\src\hd44780.o
 .debug_frame   0x00000c80       0x30 obj\debug\src\main.o
 .debug_frame   0x00000cb0       0x64 obj\debug\src\system_stm32f4xx.o
 .debug_frame   0x00000d14       0x28 c:/program files (x86)/emblocks/2.30/share/em_armgcc/bin/../lib/gcc/arm-none-eabi/4.7.3/../../../../arm-none-eabi/lib/armv7e-m/fpu\libc_n.a(lib_a-exit.o)
 .debug_frame   0x00000d3c       0x2c c:/program files (x86)/emblocks/2.30/share/em_armgcc/bin/../lib/gcc/arm-none-eabi/4.7.3/../../../../arm-none-eabi/lib/armv7e-m/fpu\libc_n.a(lib_a-init.o)
 .debug_frame   0x00000d68       0x20 c:/program files (x86)/emblocks/2.30/share/em_armgcc/bin/../lib/gcc/arm-none-eabi/4.7.3/../../../../arm-none-eabi/lib/armv7e-m/fpu\libc_n.a(lib_a-memset.o)
 .debug_frame   0x00000d88       0x60 c:/program files (x86)/emblocks/2.30/share/em_armgcc/bin/../lib/gcc/arm-none-eabi/4.7.3/../../../../arm-none-eabi/lib/armv7e-m/fpu\libc_n.a(lib_a-sscanf.o)
 .debug_frame   0x00000de8       0x80 c:/program files (x86)/emblocks/2.30/share/em_armgcc/bin/../lib/gcc/arm-none-eabi/4.7.3/../../../../arm-none-eabi/lib/armv7e-m/fpu\libc_n.a(lib_a-stdio.o)
 .debug_frame   0x00000e68       0x20 c:/program files (x86)/emblocks/2.30/share/em_armgcc/bin/../lib/gcc/arm-none-eabi/4.7.3/../../../../arm-none-eabi/lib/armv7e-m/fpu\libc_n.a(lib_a-strlen.o)
 .debug_frame   0x00000e88       0x2c c:/program files (x86)/emblocks/2.30/share/em_armgcc/bin/../lib/gcc/arm-none-eabi/4.7.3/../../../../arm-none-eabi/lib/armv7e-m/fpu\libc_n.a(lib_a-strstr.o)
 .debug_frame   0x00000eb4       0x6c c:/program files (x86)/emblocks/2.30/share/em_armgcc/bin/../lib/gcc/arm-none-eabi/4.7.3/../../../../arm-none-eabi/lib/armv7e-m/fpu\libc_n.a(lib_a-svfscanf.o)
 .debug_frame   0x00000f20       0x5c c:/program files (x86)/emblocks/2.30/share/em_armgcc/bin/../lib/gcc/arm-none-eabi/4.7.3/../../../../arm-none-eabi/lib/armv7e-m/fpu\libc_n.a(lib_a-ungetc.o)
 .debug_frame   0x00000f7c       0x5c c:/program files (x86)/emblocks/2.30/share/em_armgcc/bin/../lib/gcc/arm-none-eabi/4.7.3/../../../../arm-none-eabi/lib/armv7e-m/fpu\libc_n.a(lib_a-vfscanf_i.o)
 .debug_frame   0x00000fd8      0x12c c:/program files (x86)/emblocks/2.30/share/em_armgcc/bin/../lib/gcc/arm-none-eabi/4.7.3/../../../../arm-none-eabi/lib/armv7e-m/fpu\libc_n.a(lib_a-findfp.o)
 .debug_frame   0x00001104       0x28 c:/program files (x86)/emblocks/2.30/share/em_armgcc/bin/../lib/gcc/arm-none-eabi/4.7.3/../../../../arm-none-eabi/lib/armv7e-m/fpu\libc_n.a(lib_a-memchr-stub.o)
 .debug_frame   0x0000112c       0x28 c:/program files (x86)/emblocks/2.30/share/em_armgcc/bin/../lib/gcc/arm-none-eabi/4.7.3/../../../../arm-none-eabi/lib/armv7e-m/fpu\libc_n.a(lib_a-memcpy-stub.o)
 .debug_frame   0x00001154       0x2c c:/program files (x86)/emblocks/2.30/share/em_armgcc/bin/../lib/gcc/arm-none-eabi/4.7.3/../../../../arm-none-eabi/lib/armv7e-m/fpu\libc_n.a(lib_a-nano-freer.o)
 .debug_frame   0x00001180       0x30 c:/program files (x86)/emblocks/2.30/share/em_armgcc/bin/../lib/gcc/arm-none-eabi/4.7.3/../../../../arm-none-eabi/lib/armv7e-m/fpu\libc_n.a(lib_a-nano-mallocr.o)
 .debug_frame   0x000011b0       0x30 c:/program files (x86)/emblocks/2.30/share/em_armgcc/bin/../lib/gcc/arm-none-eabi/4.7.3/../../../../arm-none-eabi/lib/armv7e-m/fpu\libc_n.a(lib_a-nano-reallocr.o)
 .debug_frame   0x000011e0       0x48 c:/program files (x86)/emblocks/2.30/share/em_armgcc/bin/../lib/gcc/arm-none-eabi/4.7.3/../../../../arm-none-eabi/lib/armv7e-m/fpu\libc_n.a(lib_a-reent.o)
 .debug_frame   0x00001228       0x2c c:/program files (x86)/emblocks/2.30/share/em_armgcc/bin/../lib/gcc/arm-none-eabi/4.7.3/../../../../arm-none-eabi/lib/armv7e-m/fpu\libc_n.a(lib_a-sbrkr.o)
 .debug_frame   0x00001254       0x2c c:/program files (x86)/emblocks/2.30/share/em_armgcc/bin/../lib/gcc/arm-none-eabi/4.7.3/../../../../arm-none-eabi/lib/armv7e-m/fpu\libc_n.a(lib_a-sccl.o)
 .debug_frame   0x00001280       0x58 c:/program files (x86)/emblocks/2.30/share/em_armgcc/bin/../lib/gcc/arm-none-eabi/4.7.3/../../../../arm-none-eabi/lib/armv7e-m/fpu\libc_n.a(lib_a-strtol.o)
 .debug_frame   0x000012d8       0x58 c:/program files (x86)/emblocks/2.30/share/em_armgcc/bin/../lib/gcc/arm-none-eabi/4.7.3/../../../../arm-none-eabi/lib/armv7e-m/fpu\libc_n.a(lib_a-strtoul.o)
 .debug_frame   0x00001330       0x20 c:/program files (x86)/emblocks/2.30/share/em_armgcc/bin/../lib/gcc/arm-none-eabi/4.7.3/../../../../arm-none-eabi/lib/armv7e-m/fpu\libc_n.a(lib_a-nano-msizer.o)
 .debug_frame   0x00001350       0x20 c:/program files (x86)/emblocks/2.30/share/em_armgcc/bin/../lib/gcc/arm-none-eabi/4.7.3/../../../../arm-none-eabi/lib/armv7e-m/fpu\libnosys.a(sbrk.o)
 .debug_frame   0x00001370       0x20 c:/program files (x86)/emblocks/2.30/share/em_armgcc/bin/../lib/gcc/arm-none-eabi/4.7.3/../../../../arm-none-eabi/lib/armv7e-m/fpu\libnosys.a(_exit.o)

.stabstr        0x00000000       0xdf
 .stabstr       0x00000000       0xdf c:/program files (x86)/emblocks/2.30/share/em_armgcc/bin/../lib/gcc/arm-none-eabi/4.7.3/../../../../arm-none-eabi/lib/armv7e-m/fpu\libnosys.a(close.o)
